---
http_interactions:
- request:
    method: get
    uri: http://localhost:3001/api/v1/hosts/1/yards
    body:
      encoding: US-ASCII
      string: ''
    headers:
      User-Agent:
      - Faraday v1.4.1
      Accept-Encoding:
      - gzip;q=1.0,deflate;q=0.6,identity;q=0.3
      Accept:
      - "*/*"
  response:
    status:
      code: 200
      message: OK
    headers:
      Content-Type:
      - application/json; charset=utf-8
      Etag:
      - W/"63031cda0192eacfe6e793967b01c2c0"
      Cache-Control:
      - max-age=0, private, must-revalidate
      X-Request-Id:
      - b2c86e65-0434-4b9e-97ee-910d35ecc5cc
      X-Runtime:
      - '0.006186'
      Transfer-Encoding:
      - chunked
    body:
      encoding: UTF-8
      string: '{"data":[{"id":"2","type":"yard","attributes":{"host_id":1,"name":"Ultimate
        Party Yard","street_address":"2001 Blake St","city":"Denver","state":"CO","zipcode":"80205","description":"This
        yard is equiped with a firepit, a pool, and a pool house to accommodate all
        your party needs.","availability":"Available on weekends in May","payment":"Venmo","photo_url_1":"https://i.pinimg.com/originals/33/68/61/33686194d9ec6fff887d4a77b33fab26.jpg","photo_url_2":"","photo_url_3":"","price":20.0,"purposes":{"data":[{"id":"1","type":"purpose","attributes":{"name":"pet
        rental"}},{"id":"2","type":"purpose","attributes":{"name":"party rental"}}]}}},{"id":"3","type":"yard","attributes":{"host_id":1,"name":"Large
        Yard for any Hobby","street_address":"2300 Steele St","city":"Denver","state":"CO","zipcode":"80205","description":"A
        large backyard close to the city. Equiped with a barbeque.","availability":"NEW
        - Most days are available","payment":"Venmo,Paypal","photo_url_1":"","photo_url_2":"","photo_url_3":"","price":25.5,"purposes":{"data":[{"id":"3","type":"purpose","attributes":{"name":"hobby
        rental"}}]}}}]}'
  recorded_at: Thu, 22 Apr 2021 03:10:36 GMT
- request:
    method: get
    uri: http://localhost:3001/api/v1/hosts/1/bookings
    body:
      encoding: US-ASCII
      string: ''
    headers:
      User-Agent:
      - Faraday v1.4.1
      Accept-Encoding:
      - gzip;q=1.0,deflate;q=0.6,identity;q=0.3
      Accept:
      - "*/*"
  response:
    status:
      code: 200
      message: OK
    headers:
      Content-Type:
      - application/json; charset=utf-8
      Etag:
      - W/"72b05ec5ebb0f3fcc42f04ee54518d6b"
      Cache-Control:
      - max-age=0, private, must-revalidate
      X-Request-Id:
      - 8d081799-e623-486e-9a7d-1378f2ad8f16
      X-Runtime:
      - '0.006018'
      Transfer-Encoding:
      - chunked
    body:
      encoding: UTF-8
      string: '{"data":[{"id":"1","type":"booking","attributes":{"status":"approved","yard_id":2,"booking_name":"Pet
        Birthday Party","renter_id":1,"date":"2021-04-25","time":"2000-01-01T14:00:00.000Z","duration":3,"description":"Throwing
        a bday party for my pet."}},{"id":"4","type":"booking","attributes":{"status":"approved","yard_id":3,"booking_name":"Barbeque
        with Friends","renter_id":4,"date":"2021-04-25","time":"2000-01-01T18:00:00.000Z","duration":2,"description":"Wanting
        to grill out with my friends."}},{"id":"3","type":"booking","attributes":{"status":"pending","yard_id":2,"booking_name":"3
        Year Old Birthday Party","renter_id":3,"date":"2021-04-30","time":"2000-01-01T10:00:00.000Z","duration":4,"description":"Needs
        a space for my 3 year olds birthday party"}}]}'
  recorded_at: Thu, 22 Apr 2021 03:10:36 GMT
- request:
    method: get
    uri: http://localhost:3001/api/v1/yards/2
    body:
      encoding: US-ASCII
      string: ''
    headers:
      User-Agent:
      - Faraday v1.4.1
      Accept-Encoding:
      - gzip;q=1.0,deflate;q=0.6,identity;q=0.3
      Accept:
      - "*/*"
  response:
    status:
      code: 200
      message: OK
    headers:
      Content-Type:
      - application/json; charset=utf-8
      Etag:
      - W/"05899a4b6bd5366751e2b5fc0e2839d7"
      Cache-Control:
      - max-age=0, private, must-revalidate
      X-Request-Id:
      - d220284e-6f96-421b-88fe-62ef3b9cfece
      X-Runtime:
      - '0.005594'
      Transfer-Encoding:
      - chunked
    body:
      encoding: UTF-8
      string: '{"data":{"id":"2","type":"yard","attributes":{"host_id":1,"name":"Ultimate
        Party Yard","street_address":"2001 Blake St","city":"Denver","state":"CO","zipcode":"80205","description":"This
        yard is equiped with a firepit, a pool, and a pool house to accommodate all
        your party needs.","availability":"Available on weekends in May","payment":"Venmo","photo_url_1":"https://i.pinimg.com/originals/33/68/61/33686194d9ec6fff887d4a77b33fab26.jpg","photo_url_2":"","photo_url_3":"","price":20.0,"purposes":{"data":[{"id":"1","type":"purpose","attributes":{"name":"pet
        rental"}},{"id":"2","type":"purpose","attributes":{"name":"party rental"}}]}}}}'
  recorded_at: Thu, 22 Apr 2021 03:10:36 GMT
- request:
    method: get
    uri: http://localhost:3001/api/v1/yards/3
    body:
      encoding: US-ASCII
      string: ''
    headers:
      User-Agent:
      - Faraday v1.4.1
      Accept-Encoding:
      - gzip;q=1.0,deflate;q=0.6,identity;q=0.3
      Accept:
      - "*/*"
  response:
    status:
      code: 200
      message: OK
    headers:
      Content-Type:
      - application/json; charset=utf-8
      Etag:
      - W/"d7bfa457b1b33db5a9350ffd99db21b5"
      Cache-Control:
      - max-age=0, private, must-revalidate
      X-Request-Id:
      - 62d5f714-14c3-481f-a175-60264a3593ab
      X-Runtime:
      - '0.004693'
      Transfer-Encoding:
      - chunked
    body:
      encoding: UTF-8
      string: '{"data":{"id":"3","type":"yard","attributes":{"host_id":1,"name":"Large
        Yard for any Hobby","street_address":"2300 Steele St","city":"Denver","state":"CO","zipcode":"80205","description":"A
        large backyard close to the city. Equiped with a barbeque.","availability":"NEW
        - Most days are available","payment":"Venmo,Paypal","photo_url_1":"","photo_url_2":"","photo_url_3":"","price":25.5,"purposes":{"data":[{"id":"3","type":"purpose","attributes":{"name":"hobby
        rental"}}]}}}}'
  recorded_at: Thu, 22 Apr 2021 03:10:36 GMT
- request:
    method: get
    uri: http://localhost:3001/api/v1/yards/2
    body:
      encoding: US-ASCII
      string: ''
    headers:
      User-Agent:
      - Faraday v1.4.1
      Accept-Encoding:
      - gzip;q=1.0,deflate;q=0.6,identity;q=0.3
      Accept:
      - "*/*"
  response:
    status:
      code: 200
      message: OK
    headers:
      Content-Type:
      - application/json; charset=utf-8
      Etag:
      - W/"05899a4b6bd5366751e2b5fc0e2839d7"
      Cache-Control:
      - max-age=0, private, must-revalidate
      X-Request-Id:
      - 5a43a9e9-d333-43e3-a087-3f2de1ed095c
      X-Runtime:
      - '0.005287'
      Transfer-Encoding:
      - chunked
    body:
      encoding: UTF-8
      string: '{"data":{"id":"2","type":"yard","attributes":{"host_id":1,"name":"Ultimate
        Party Yard","street_address":"2001 Blake St","city":"Denver","state":"CO","zipcode":"80205","description":"This
        yard is equiped with a firepit, a pool, and a pool house to accommodate all
        your party needs.","availability":"Available on weekends in May","payment":"Venmo","photo_url_1":"https://i.pinimg.com/originals/33/68/61/33686194d9ec6fff887d4a77b33fab26.jpg","photo_url_2":"","photo_url_3":"","price":20.0,"purposes":{"data":[{"id":"1","type":"purpose","attributes":{"name":"pet
        rental"}},{"id":"2","type":"purpose","attributes":{"name":"party rental"}}]}}}}'
  recorded_at: Thu, 22 Apr 2021 03:10:36 GMT
recorded_with: VCR 6.0.0
