---
http_interactions:
- request:
    method: get
    uri: http://localhost:3001/api/v1/yards/2
    body:
      encoding: US-ASCII
      string: ''
    headers:
      User-Agent:
      - Faraday v1.4.1
      Accept-Encoding:
      - gzip;q=1.0,deflate;q=0.6,identity;q=0.3
      Accept:
      - "*/*"
  response:
    status:
      code: 200
      message: OK
    headers:
      Content-Type:
      - application/json; charset=utf-8
      Etag:
      - W/"05899a4b6bd5366751e2b5fc0e2839d7"
      Cache-Control:
      - max-age=0, private, must-revalidate
      X-Request-Id:
      - e1140649-93f9-48ac-9665-535aebe4fd7f
      X-Runtime:
      - '0.006764'
      Transfer-Encoding:
      - chunked
    body:
      encoding: UTF-8
      string: '{"data":{"id":"2","type":"yard","attributes":{"host_id":1,"name":"Ultimate
        Party Yard","street_address":"2001 Blake St","city":"Denver","state":"CO","zipcode":"80205","description":"This
        yard is equiped with a firepit, a pool, and a pool house to accommodate all
        your party needs.","availability":"Available on weekends in May","payment":"Venmo","photo_url_1":"https://i.pinimg.com/originals/33/68/61/33686194d9ec6fff887d4a77b33fab26.jpg","photo_url_2":"","photo_url_3":"","price":20.0,"purposes":{"data":[{"id":"1","type":"purpose","attributes":{"name":"pet
        rental"}},{"id":"2","type":"purpose","attributes":{"name":"party rental"}}]}}}}'
  recorded_at: Thu, 22 Apr 2021 04:43:04 GMT
- request:
    method: get
    uri: http://localhost:3001/api/v1/yards/2
    body:
      encoding: US-ASCII
      string: ''
    headers:
      User-Agent:
      - Faraday v1.4.1
      Accept-Encoding:
      - gzip;q=1.0,deflate;q=0.6,identity;q=0.3
      Accept:
      - "*/*"
  response:
    status:
      code: 200
      message: OK
    headers:
      Content-Type:
      - application/json; charset=utf-8
      Etag:
      - W/"05899a4b6bd5366751e2b5fc0e2839d7"
      Cache-Control:
      - max-age=0, private, must-revalidate
      X-Request-Id:
      - ec033067-8f53-4229-b187-f33af1ad261a
      X-Runtime:
      - '0.005514'
      Transfer-Encoding:
      - chunked
    body:
      encoding: UTF-8
      string: '{"data":{"id":"2","type":"yard","attributes":{"host_id":1,"name":"Ultimate
        Party Yard","street_address":"2001 Blake St","city":"Denver","state":"CO","zipcode":"80205","description":"This
        yard is equiped with a firepit, a pool, and a pool house to accommodate all
        your party needs.","availability":"Available on weekends in May","payment":"Venmo","photo_url_1":"https://i.pinimg.com/originals/33/68/61/33686194d9ec6fff887d4a77b33fab26.jpg","photo_url_2":"","photo_url_3":"","price":20.0,"purposes":{"data":[{"id":"1","type":"purpose","attributes":{"name":"pet
        rental"}},{"id":"2","type":"purpose","attributes":{"name":"party rental"}}]}}}}'
  recorded_at: Thu, 22 Apr 2021 04:43:04 GMT
- request:
    method: post
    uri: http://localhost:3001/api/v1/bookings?booking_name=A%20new%20booking!!&date=2021-05-05&description=description&duration=2&renter_email=thisemail@gmail.com&renter_id=1&time=2021-05-05%2012:00:00%20%2B0000&yard_id=2
    body:
      encoding: UTF-8
      string: ''
    headers:
      User-Agent:
      - Faraday v1.4.1
      Content-Type:
      - application/json
      Content-Length:
      - '0'
      Accept-Encoding:
      - gzip;q=1.0,deflate;q=0.6,identity;q=0.3
      Accept:
      - "*/*"
  response:
    status:
      code: 201
      message: Created
    headers:
      Content-Type:
      - application/json; charset=utf-8
      Etag:
      - W/"1c213cd2e22a4a1be592bf125388416f"
      Cache-Control:
      - max-age=0, private, must-revalidate
      X-Request-Id:
      - '096af597-f372-4dcc-b41d-e45f29822097'
      X-Runtime:
      - '0.481039'
      Transfer-Encoding:
      - chunked
    body:
      encoding: UTF-8
      string: '{"data":{"id":"43","type":"booking","attributes":{"status":"pending","yard_id":2,"booking_name":"A
        new booking!!","renter_id":1,"date":"2021-05-05","time":"2000-01-01T12:00:00.000Z","duration":2,"description":"description"}}}'
  recorded_at: Thu, 22 Apr 2021 04:43:05 GMT
- request:
    method: get
    uri: http://localhost:3001/api/v1/renters/1/bookings?status=approved
    body:
      encoding: US-ASCII
      string: ''
    headers:
      User-Agent:
      - Faraday v1.4.1
      Accept-Encoding:
      - gzip;q=1.0,deflate;q=0.6,identity;q=0.3
      Accept:
      - "*/*"
  response:
    status:
      code: 200
      message: OK
    headers:
      Content-Type:
      - application/json; charset=utf-8
      Etag:
      - W/"46e1c8cf0bef42b2b76b9ccb39e29663"
      Cache-Control:
      - max-age=0, private, must-revalidate
      X-Request-Id:
      - 43b3e2d2-5bf9-4959-af3d-80a23a4ce034
      X-Runtime:
      - '0.005943'
      Transfer-Encoding:
      - chunked
    body:
      encoding: UTF-8
      string: '{"data":[{"id":"1","type":"booking","attributes":{"status":"approved","yard_id":2,"booking_name":"Pet
        Birthday Party","renter_id":1,"date":"2021-04-25","time":"2000-01-01T14:00:00.000Z","duration":3,"description":"Throwing
        a bday party for my pet."}},{"id":"10","type":"booking","attributes":{"status":"approved","yard_id":2,"booking_name":"A
        new booking!!","renter_id":1,"date":"2021-05-05","time":"2000-01-01T17:00:00.000Z","duration":2,"description":"description"}},{"id":"18","type":"booking","attributes":{"status":"approved","yard_id":2,"booking_name":"A
        new booking!!","renter_id":1,"date":"2021-05-05","time":"2000-01-01T17:00:00.000Z","duration":2,"description":"description"}},{"id":"25","type":"booking","attributes":{"status":"approved","yard_id":2,"booking_name":"A
        new booking!!","renter_id":1,"date":"2021-05-05","time":"2000-01-01T17:00:00.000Z","duration":2,"description":"description"}},{"id":"35","type":"booking","attributes":{"status":"approved","yard_id":2,"booking_name":"A
        new booking!!","renter_id":1,"date":"2021-05-05","time":"2000-01-01T17:00:00.000Z","duration":2,"description":"description"}}]}'
  recorded_at: Thu, 22 Apr 2021 04:43:05 GMT
- request:
    method: get
    uri: http://localhost:3001/api/v1/yards/2
    body:
      encoding: US-ASCII
      string: ''
    headers:
      User-Agent:
      - Faraday v1.4.1
      Accept-Encoding:
      - gzip;q=1.0,deflate;q=0.6,identity;q=0.3
      Accept:
      - "*/*"
  response:
    status:
      code: 200
      message: OK
    headers:
      Content-Type:
      - application/json; charset=utf-8
      Etag:
      - W/"05899a4b6bd5366751e2b5fc0e2839d7"
      Cache-Control:
      - max-age=0, private, must-revalidate
      X-Request-Id:
      - f453e0f3-f1e6-48ec-a592-8c81ed41f10f
      X-Runtime:
      - '0.006289'
      Transfer-Encoding:
      - chunked
    body:
      encoding: UTF-8
      string: '{"data":{"id":"2","type":"yard","attributes":{"host_id":1,"name":"Ultimate
        Party Yard","street_address":"2001 Blake St","city":"Denver","state":"CO","zipcode":"80205","description":"This
        yard is equiped with a firepit, a pool, and a pool house to accommodate all
        your party needs.","availability":"Available on weekends in May","payment":"Venmo","photo_url_1":"https://i.pinimg.com/originals/33/68/61/33686194d9ec6fff887d4a77b33fab26.jpg","photo_url_2":"","photo_url_3":"","price":20.0,"purposes":{"data":[{"id":"1","type":"purpose","attributes":{"name":"pet
        rental"}},{"id":"2","type":"purpose","attributes":{"name":"party rental"}}]}}}}'
  recorded_at: Thu, 22 Apr 2021 04:43:05 GMT
- request:
    method: get
    uri: http://localhost:3001/api/v1/renters/1/bookings?status=pending
    body:
      encoding: US-ASCII
      string: ''
    headers:
      User-Agent:
      - Faraday v1.4.1
      Accept-Encoding:
      - gzip;q=1.0,deflate;q=0.6,identity;q=0.3
      Accept:
      - "*/*"
  response:
    status:
      code: 200
      message: OK
    headers:
      Content-Type:
      - application/json; charset=utf-8
      Etag:
      - W/"bd6292d4cc65a56e3f6acedacd4f9790"
      Cache-Control:
      - max-age=0, private, must-revalidate
      X-Request-Id:
      - 19e91149-e821-4f08-aa36-18177352d42e
      X-Runtime:
      - '0.007083'
      Transfer-Encoding:
      - chunked
    body:
      encoding: UTF-8
      string: '{"data":[{"id":"8","type":"booking","attributes":{"status":"pending","yard_id":6,"booking_name":"Country
        Throw Down Part 2","renter_id":1,"date":"2021-04-25","time":"2000-01-01T20:00:00.000Z","duration":5,"description":"Trying
        to throw a rager with my friends again."}},{"id":"9","type":"booking","attributes":{"status":"pending","yard_id":2,"booking_name":"A
        new booking!!","renter_id":1,"date":"2021-05-05","time":"2000-01-01T12:00:00.000Z","duration":2,"description":"description"}},{"id":"14","type":"booking","attributes":{"status":"pending","yard_id":2,"booking_name":"A
        new booking!!","renter_id":1,"date":"2021-05-05","time":"2000-01-01T17:00:00.000Z","duration":2,"description":"description"}},{"id":"15","type":"booking","attributes":{"status":"pending","yard_id":2,"booking_name":"A
        new booking!!","renter_id":1,"date":"2021-05-05","time":"2000-01-01T17:00:00.000Z","duration":2,"description":"description"}},{"id":"17","type":"booking","attributes":{"status":"pending","yard_id":2,"booking_name":"A
        new booking!!","renter_id":1,"date":"2021-05-05","time":"2000-01-01T12:00:00.000Z","duration":2,"description":"description"}},{"id":"22","type":"booking","attributes":{"status":"pending","yard_id":2,"booking_name":"A
        new booking!!","renter_id":1,"date":"2021-05-05","time":"2000-01-01T17:00:00.000Z","duration":2,"description":"description"}},{"id":"23","type":"booking","attributes":{"status":"pending","yard_id":2,"booking_name":"A
        new booking!!","renter_id":1,"date":"2021-05-05","time":"2000-01-01T17:00:00.000Z","duration":2,"description":"description"}},{"id":"29","type":"booking","attributes":{"status":"pending","yard_id":2,"booking_name":"A
        new booking!!","renter_id":1,"date":"2021-05-05","time":"2000-01-01T18:00:00.000Z","duration":2,"description":"description"}},{"id":"30","type":"booking","attributes":{"status":"pending","yard_id":2,"booking_name":"A
        new booking!!","renter_id":1,"date":"2021-05-05","time":"2000-01-01T17:00:00.000Z","duration":2,"description":"description"}},{"id":"31","type":"booking","attributes":{"status":"pending","yard_id":2,"booking_name":"A
        new booking!!","renter_id":1,"date":"2021-05-05","time":"2000-01-01T17:00:00.000Z","duration":2,"description":"description"}},{"id":"37","type":"booking","attributes":{"status":"pending","yard_id":2,"booking_name":"DELETE
        THIS BOOKING","renter_id":1,"date":"2021-05-05","time":"2000-01-01T17:00:00.000Z","duration":2,"description":"description"}},{"id":"39","type":"booking","attributes":{"status":"pending","yard_id":2,"booking_name":"A
        new booking!!","renter_id":1,"date":"2021-05-05","time":"2000-01-01T18:00:00.000Z","duration":2,"description":"description"}},{"id":"40","type":"booking","attributes":{"status":"pending","yard_id":2,"booking_name":"A
        new booking!!","renter_id":1,"date":"2021-05-05","time":"2000-01-01T17:00:00.000Z","duration":2,"description":"description"}},{"id":"41","type":"booking","attributes":{"status":"pending","yard_id":2,"booking_name":"A
        new booking!!","renter_id":1,"date":"2021-05-05","time":"2000-01-01T17:00:00.000Z","duration":2,"description":"description"}},{"id":"5","type":"booking","attributes":{"status":"pending","yard_id":4,"booking_name":"Spotlight
        Tag","renter_id":1,"date":"2021-05-05","time":"2000-01-01T21:00:00.000Z","duration":2,"description":"Wanting
        to have a 50 person game of spotlight tag."}},{"id":"43","type":"booking","attributes":{"status":"pending","yard_id":2,"booking_name":"A
        new booking!!","renter_id":1,"date":"2021-05-05","time":"2000-01-01T12:00:00.000Z","duration":2,"description":"description"}}]}'
  recorded_at: Thu, 22 Apr 2021 04:43:05 GMT
- request:
    method: get
    uri: http://localhost:3001/api/v1/yards/6
    body:
      encoding: US-ASCII
      string: ''
    headers:
      User-Agent:
      - Faraday v1.4.1
      Accept-Encoding:
      - gzip;q=1.0,deflate;q=0.6,identity;q=0.3
      Accept:
      - "*/*"
  response:
    status:
      code: 200
      message: OK
    headers:
      Content-Type:
      - application/json; charset=utf-8
      Etag:
      - W/"1db3e356438e596a009e09aacdd865d8"
      Cache-Control:
      - max-age=0, private, must-revalidate
      X-Request-Id:
      - 02f4bebb-b8e4-4e28-b60d-5035999228df
      X-Runtime:
      - '0.004707'
      Transfer-Encoding:
      - chunked
    body:
      encoding: UTF-8
      string: '{"data":{"id":"6","type":"yard","attributes":{"host_id":3,"name":"Country
        ","street_address":"10 Highway 64","city":"Conway","state":"AR","zipcode":"72034","description":"This
        yard is on a huge piece of land in the middle of nowhere so there are endless
        possiblities of events to host for our guests!","availability":"Weekends only","payment":"Venmo,
        Cashapp","photo_url_1":"https://image.shutterstock.com/image-photo/spacious-yard-home-garden-swing-260nw-1609425607.jpg","photo_url_2":"","photo_url_3":"","price":15.0,"purposes":{"data":[{"id":"1","type":"purpose","attributes":{"name":"pet
        rental"}},{"id":"2","type":"purpose","attributes":{"name":"party rental"}},{"id":"3","type":"purpose","attributes":{"name":"hobby
        rental"}}]}}}}'
  recorded_at: Thu, 22 Apr 2021 04:43:05 GMT
- request:
    method: get
    uri: http://localhost:3001/api/v1/yards/4
    body:
      encoding: US-ASCII
      string: ''
    headers:
      User-Agent:
      - Faraday v1.4.1
      Accept-Encoding:
      - gzip;q=1.0,deflate;q=0.6,identity;q=0.3
      Accept:
      - "*/*"
  response:
    status:
      code: 200
      message: OK
    headers:
      Content-Type:
      - application/json; charset=utf-8
      Etag:
      - W/"ea525e0ee1295c7cb89bdaa6ecd4ad74"
      Cache-Control:
      - max-age=0, private, must-revalidate
      X-Request-Id:
      - 21237249-e5cf-4f46-937c-7c33aea536ed
      X-Runtime:
      - '0.005687'
      Transfer-Encoding:
      - chunked
    body:
      encoding: UTF-8
      string: '{"data":{"id":"4","type":"yard","attributes":{"host_id":2,"name":"Multipurpose
        Yard","street_address":"3181 E 23rd Ave","city":"Denver","state":"CO","zipcode":"80205","description":"Fenced
        in yard for privacy.","availability":"Available on Monday, Wednesday, Friday,
        and Saturdays","payment":"Paypal","photo_url_1":"","photo_url_2":"","photo_url_3":"","price":15.5,"purposes":{"data":[{"id":"3","type":"purpose","attributes":{"name":"hobby
        rental"}},{"id":"2","type":"purpose","attributes":{"name":"party rental"}}]}}}}'
  recorded_at: Thu, 22 Apr 2021 04:43:05 GMT
recorded_with: VCR 6.0.0
