---
http_interactions:
- request:
    method: post
    uri: http://localhost:3001/api/v1/bookings?booking_name=DLT%20THIS%20BOOKING&date=2021-05-05&description=description&duration=2&renter_email=renter@renter.com&renter_id=1&time=2021-05-05%2012:00:00%20-0500&yard_id=2
    body:
      encoding: UTF-8
      string: ''
    headers:
      User-Agent:
      - Faraday v1.4.1
      Content-Type:
      - application/json
      Content-Length:
      - '0'
      Accept-Encoding:
      - gzip;q=1.0,deflate;q=0.6,identity;q=0.3
      Accept:
      - "*/*"
  response:
    status:
      code: 201
      message: Created
    headers:
      Content-Type:
      - application/json; charset=utf-8
      Etag:
      - W/"add6bf31cb6dda0cdeb524837537e3e3"
      Cache-Control:
      - max-age=0, private, must-revalidate
      X-Request-Id:
      - 7ad9497b-e923-4982-94b1-50a5761d52e2
      X-Runtime:
      - '0.472518'
      Transfer-Encoding:
      - chunked
    body:
      encoding: UTF-8
      string: '{"data":{"id":"12","type":"booking","attributes":{"status":"pending","yard_id":2,"booking_name":"DLT
        THIS BOOKING","renter_id":1,"date":"2021-05-05","time":"2000-01-01T17:00:00.000Z","duration":2,"description":"description"}}}'
  recorded_at: Wed, 21 Apr 2021 21:50:20 GMT
- request:
    method: get
    uri: http://localhost:3001/api/v1/renters/1/bookings?status=approved
    body:
      encoding: US-ASCII
      string: ''
    headers:
      User-Agent:
      - Faraday v1.4.1
      Accept-Encoding:
      - gzip;q=1.0,deflate;q=0.6,identity;q=0.3
      Accept:
      - "*/*"
  response:
    status:
      code: 200
      message: OK
    headers:
      Content-Type:
      - application/json; charset=utf-8
      Etag:
      - W/"a84f056ef48873a26b40a918f1dc3df2"
      Cache-Control:
      - max-age=0, private, must-revalidate
      X-Request-Id:
      - d0c0e162-896f-4109-b9ae-d852e2cfcae8
      X-Runtime:
      - '0.004361'
      Transfer-Encoding:
      - chunked
    body:
      encoding: UTF-8
      string: '{"data":[{"id":"1","type":"booking","attributes":{"status":"approved","yard_id":2,"booking_name":"Pet
        Birthday Party","renter_id":1,"date":"2021-04-25","time":"2000-01-01T14:00:00.000Z","duration":3,"description":"Throwing
        a bday party for my pet."}},{"id":"9","type":"booking","attributes":{"status":"approved","yard_id":2,"booking_name":"A
        new booking!!","renter_id":1,"date":"2021-05-05","time":"2000-01-01T17:00:00.000Z","duration":2,"description":"description"}}]}'
  recorded_at: Wed, 21 Apr 2021 21:50:20 GMT
- request:
    method: get
    uri: http://localhost:3001/api/v1/yards/2
    body:
      encoding: US-ASCII
      string: ''
    headers:
      User-Agent:
      - Faraday v1.4.1
      Accept-Encoding:
      - gzip;q=1.0,deflate;q=0.6,identity;q=0.3
      Accept:
      - "*/*"
  response:
    status:
      code: 200
      message: OK
    headers:
      Content-Type:
      - application/json; charset=utf-8
      Etag:
      - W/"05899a4b6bd5366751e2b5fc0e2839d7"
      Cache-Control:
      - max-age=0, private, must-revalidate
      X-Request-Id:
      - a88d3039-a59a-4a99-a6e1-3ea5fc3c752f
      X-Runtime:
      - '0.004413'
      Transfer-Encoding:
      - chunked
    body:
      encoding: UTF-8
      string: '{"data":{"id":"2","type":"yard","attributes":{"host_id":1,"name":"Ultimate
        Party Yard","street_address":"2001 Blake St","city":"Denver","state":"CO","zipcode":"80205","description":"This
        yard is equiped with a firepit, a pool, and a pool house to accommodate all
        your party needs.","availability":"Available on weekends in May","payment":"Venmo","photo_url_1":"https://i.pinimg.com/originals/33/68/61/33686194d9ec6fff887d4a77b33fab26.jpg","photo_url_2":"","photo_url_3":"","price":20.0,"purposes":{"data":[{"id":"1","type":"purpose","attributes":{"name":"pet
        rental"}},{"id":"2","type":"purpose","attributes":{"name":"party rental"}}]}}}}'
  recorded_at: Wed, 21 Apr 2021 21:50:20 GMT
- request:
    method: get
    uri: http://localhost:3001/api/v1/yards/2
    body:
      encoding: US-ASCII
      string: ''
    headers:
      User-Agent:
      - Faraday v1.4.1
      Accept-Encoding:
      - gzip;q=1.0,deflate;q=0.6,identity;q=0.3
      Accept:
      - "*/*"
  response:
    status:
      code: 200
      message: OK
    headers:
      Content-Type:
      - application/json; charset=utf-8
      Etag:
      - W/"05899a4b6bd5366751e2b5fc0e2839d7"
      Cache-Control:
      - max-age=0, private, must-revalidate
      X-Request-Id:
      - b5f318cb-a05f-48c6-8aad-d4ebb412cf4c
      X-Runtime:
      - '0.004037'
      Transfer-Encoding:
      - chunked
    body:
      encoding: UTF-8
      string: '{"data":{"id":"2","type":"yard","attributes":{"host_id":1,"name":"Ultimate
        Party Yard","street_address":"2001 Blake St","city":"Denver","state":"CO","zipcode":"80205","description":"This
        yard is equiped with a firepit, a pool, and a pool house to accommodate all
        your party needs.","availability":"Available on weekends in May","payment":"Venmo","photo_url_1":"https://i.pinimg.com/originals/33/68/61/33686194d9ec6fff887d4a77b33fab26.jpg","photo_url_2":"","photo_url_3":"","price":20.0,"purposes":{"data":[{"id":"1","type":"purpose","attributes":{"name":"pet
        rental"}},{"id":"2","type":"purpose","attributes":{"name":"party rental"}}]}}}}'
  recorded_at: Wed, 21 Apr 2021 21:50:20 GMT
- request:
    method: get
    uri: http://localhost:3001/api/v1/renters/1/bookings?status=pending
    body:
      encoding: US-ASCII
      string: ''
    headers:
      User-Agent:
      - Faraday v1.4.1
      Accept-Encoding:
      - gzip;q=1.0,deflate;q=0.6,identity;q=0.3
      Accept:
      - "*/*"
  response:
    status:
      code: 200
      message: OK
    headers:
      Content-Type:
      - application/json; charset=utf-8
      Etag:
      - W/"8eef2c432e9bb859d4a3a7db060cd6fa"
      Cache-Control:
      - max-age=0, private, must-revalidate
      X-Request-Id:
      - 1700cf32-2cf6-4ef1-af59-505e44ffe6d9
      X-Runtime:
      - '0.003687'
      Transfer-Encoding:
      - chunked
    body:
      encoding: UTF-8
      string: '{"data":[{"id":"5","type":"booking","attributes":{"status":"pending","yard_id":4,"booking_name":"Spotlight
        Tag","renter_id":1,"date":"2021-05-05","time":"2000-01-01T21:00:00.000Z","duration":2,"description":"Wanting
        to have a 50 person game of spotlight tag."}},{"id":"8","type":"booking","attributes":{"status":"pending","yard_id":6,"booking_name":"Country
        Throw Down Part 2","renter_id":1,"date":"2021-04-25","time":"2000-01-01T20:00:00.000Z","duration":5,"description":"Trying
        to throw a rager with my friends again."}},{"id":"12","type":"booking","attributes":{"status":"pending","yard_id":2,"booking_name":"DLT
        THIS BOOKING","renter_id":1,"date":"2021-05-05","time":"2000-01-01T17:00:00.000Z","duration":2,"description":"description"}}]}'
  recorded_at: Wed, 21 Apr 2021 21:50:20 GMT
- request:
    method: get
    uri: http://localhost:3001/api/v1/yards/4
    body:
      encoding: US-ASCII
      string: ''
    headers:
      User-Agent:
      - Faraday v1.4.1
      Accept-Encoding:
      - gzip;q=1.0,deflate;q=0.6,identity;q=0.3
      Accept:
      - "*/*"
  response:
    status:
      code: 200
      message: OK
    headers:
      Content-Type:
      - application/json; charset=utf-8
      Etag:
      - W/"cf76b6174a6dbe0539567fbe293c81d6"
      Cache-Control:
      - max-age=0, private, must-revalidate
      X-Request-Id:
      - 1b6557ed-0b1f-4c37-a4f1-e834478ebfb9
      X-Runtime:
      - '0.004022'
      Transfer-Encoding:
      - chunked
    body:
      encoding: UTF-8
      string: '{"data":{"id":"4","type":"yard","attributes":{"host_id":2,"name":"Multipurpose
        Yard","street_address":"3181 E 23rd Ave","city":"Denver","state":"CO","zipcode":"80205","description":"Fenced
        in yard for privacy.","availability":"Available on Monday, Wednesday, Friday,
        and Saturdays","payment":"Paypal","photo_url_1":"","photo_url_2":"","photo_url_3":"","price":15.5,"purposes":{"data":[{"id":"2","type":"purpose","attributes":{"name":"party
        rental"}},{"id":"3","type":"purpose","attributes":{"name":"hobby rental"}}]}}}}'
  recorded_at: Wed, 21 Apr 2021 21:50:20 GMT
- request:
    method: get
    uri: http://localhost:3001/api/v1/yards/6
    body:
      encoding: US-ASCII
      string: ''
    headers:
      User-Agent:
      - Faraday v1.4.1
      Accept-Encoding:
      - gzip;q=1.0,deflate;q=0.6,identity;q=0.3
      Accept:
      - "*/*"
  response:
    status:
      code: 200
      message: OK
    headers:
      Content-Type:
      - application/json; charset=utf-8
      Etag:
      - W/"1db3e356438e596a009e09aacdd865d8"
      Cache-Control:
      - max-age=0, private, must-revalidate
      X-Request-Id:
      - 933c0fb3-d62f-43f7-bbe9-1fea63f7dd03
      X-Runtime:
      - '0.004197'
      Transfer-Encoding:
      - chunked
    body:
      encoding: UTF-8
      string: '{"data":{"id":"6","type":"yard","attributes":{"host_id":3,"name":"Country
        ","street_address":"10 Highway 64","city":"Conway","state":"AR","zipcode":"72034","description":"This
        yard is on a huge piece of land in the middle of nowhere so there are endless
        possiblities of events to host for our guests!","availability":"Weekends only","payment":"Venmo,
        Cashapp","photo_url_1":"https://image.shutterstock.com/image-photo/spacious-yard-home-garden-swing-260nw-1609425607.jpg","photo_url_2":"","photo_url_3":"","price":15.0,"purposes":{"data":[{"id":"1","type":"purpose","attributes":{"name":"pet
        rental"}},{"id":"2","type":"purpose","attributes":{"name":"party rental"}},{"id":"3","type":"purpose","attributes":{"name":"hobby
        rental"}}]}}}}'
  recorded_at: Wed, 21 Apr 2021 21:50:20 GMT
- request:
    method: get
    uri: http://localhost:3001/api/v1/yards/2
    body:
      encoding: US-ASCII
      string: ''
    headers:
      User-Agent:
      - Faraday v1.4.1
      Accept-Encoding:
      - gzip;q=1.0,deflate;q=0.6,identity;q=0.3
      Accept:
      - "*/*"
  response:
    status:
      code: 200
      message: OK
    headers:
      Content-Type:
      - application/json; charset=utf-8
      Etag:
      - W/"05899a4b6bd5366751e2b5fc0e2839d7"
      Cache-Control:
      - max-age=0, private, must-revalidate
      X-Request-Id:
      - cb2a58ab-db80-435f-916b-ecba3a2fe83a
      X-Runtime:
      - '0.004090'
      Transfer-Encoding:
      - chunked
    body:
      encoding: UTF-8
      string: '{"data":{"id":"2","type":"yard","attributes":{"host_id":1,"name":"Ultimate
        Party Yard","street_address":"2001 Blake St","city":"Denver","state":"CO","zipcode":"80205","description":"This
        yard is equiped with a firepit, a pool, and a pool house to accommodate all
        your party needs.","availability":"Available on weekends in May","payment":"Venmo","photo_url_1":"https://i.pinimg.com/originals/33/68/61/33686194d9ec6fff887d4a77b33fab26.jpg","photo_url_2":"","photo_url_3":"","price":20.0,"purposes":{"data":[{"id":"1","type":"purpose","attributes":{"name":"pet
        rental"}},{"id":"2","type":"purpose","attributes":{"name":"party rental"}}]}}}}'
  recorded_at: Wed, 21 Apr 2021 21:50:20 GMT
- request:
    method: delete
    uri: http://localhost:3001/api/v1/bookings/12?id=12
    body:
      encoding: US-ASCII
      string: ''
    headers:
      User-Agent:
      - Faraday v1.4.1
      Content-Type:
      - application/json
      Accept-Encoding:
      - gzip;q=1.0,deflate;q=0.6,identity;q=0.3
      Accept:
      - "*/*"
  response:
    status:
      code: 200
      message: OK
    headers:
      Content-Type:
      - application/json; charset=utf-8
      Etag:
      - W/"2292cf882d6a276c08c59393770ad5eb"
      Cache-Control:
      - max-age=0, private, must-revalidate
      X-Request-Id:
      - 7e0ffc98-c503-49ac-b4d0-3751ac86b648
      X-Runtime:
      - '0.004083'
      Transfer-Encoding:
      - chunked
    body:
      encoding: UTF-8
      string: '{"id":12,"yard_id":2,"renter_id":1,"status":"pending","booking_name":"DLT
        THIS BOOKING","date":"2021-05-05","time":"2000-01-01T17:00:00.000Z","duration":2,"description":"description","created_at":"2021-04-21T21:50:20.371Z","updated_at":"2021-04-21T21:50:20.371Z","renter_email":"renter@renter.com"}'
  recorded_at: Wed, 21 Apr 2021 21:50:21 GMT
- request:
    method: get
    uri: http://localhost:3001/api/v1/renters/1/bookings?status=approved
    body:
      encoding: US-ASCII
      string: ''
    headers:
      User-Agent:
      - Faraday v1.4.1
      Accept-Encoding:
      - gzip;q=1.0,deflate;q=0.6,identity;q=0.3
      Accept:
      - "*/*"
  response:
    status:
      code: 200
      message: OK
    headers:
      Content-Type:
      - application/json; charset=utf-8
      Etag:
      - W/"a84f056ef48873a26b40a918f1dc3df2"
      Cache-Control:
      - max-age=0, private, must-revalidate
      X-Request-Id:
      - 3dd4b0a3-c37a-415c-8df7-575aaabd95a0
      X-Runtime:
      - '0.003572'
      Transfer-Encoding:
      - chunked
    body:
      encoding: UTF-8
      string: '{"data":[{"id":"1","type":"booking","attributes":{"status":"approved","yard_id":2,"booking_name":"Pet
        Birthday Party","renter_id":1,"date":"2021-04-25","time":"2000-01-01T14:00:00.000Z","duration":3,"description":"Throwing
        a bday party for my pet."}},{"id":"9","type":"booking","attributes":{"status":"approved","yard_id":2,"booking_name":"A
        new booking!!","renter_id":1,"date":"2021-05-05","time":"2000-01-01T17:00:00.000Z","duration":2,"description":"description"}}]}'
  recorded_at: Wed, 21 Apr 2021 21:50:21 GMT
- request:
    method: get
    uri: http://localhost:3001/api/v1/yards/2
    body:
      encoding: US-ASCII
      string: ''
    headers:
      User-Agent:
      - Faraday v1.4.1
      Accept-Encoding:
      - gzip;q=1.0,deflate;q=0.6,identity;q=0.3
      Accept:
      - "*/*"
  response:
    status:
      code: 200
      message: OK
    headers:
      Content-Type:
      - application/json; charset=utf-8
      Etag:
      - W/"05899a4b6bd5366751e2b5fc0e2839d7"
      Cache-Control:
      - max-age=0, private, must-revalidate
      X-Request-Id:
      - 4ad5c350-45d9-48a9-9e33-36afa406ae2a
      X-Runtime:
      - '0.004740'
      Transfer-Encoding:
      - chunked
    body:
      encoding: UTF-8
      string: '{"data":{"id":"2","type":"yard","attributes":{"host_id":1,"name":"Ultimate
        Party Yard","street_address":"2001 Blake St","city":"Denver","state":"CO","zipcode":"80205","description":"This
        yard is equiped with a firepit, a pool, and a pool house to accommodate all
        your party needs.","availability":"Available on weekends in May","payment":"Venmo","photo_url_1":"https://i.pinimg.com/originals/33/68/61/33686194d9ec6fff887d4a77b33fab26.jpg","photo_url_2":"","photo_url_3":"","price":20.0,"purposes":{"data":[{"id":"1","type":"purpose","attributes":{"name":"pet
        rental"}},{"id":"2","type":"purpose","attributes":{"name":"party rental"}}]}}}}'
  recorded_at: Wed, 21 Apr 2021 21:50:21 GMT
- request:
    method: get
    uri: http://localhost:3001/api/v1/yards/2
    body:
      encoding: US-ASCII
      string: ''
    headers:
      User-Agent:
      - Faraday v1.4.1
      Accept-Encoding:
      - gzip;q=1.0,deflate;q=0.6,identity;q=0.3
      Accept:
      - "*/*"
  response:
    status:
      code: 200
      message: OK
    headers:
      Content-Type:
      - application/json; charset=utf-8
      Etag:
      - W/"05899a4b6bd5366751e2b5fc0e2839d7"
      Cache-Control:
      - max-age=0, private, must-revalidate
      X-Request-Id:
      - a6d41fbd-fdfb-44f5-8750-8b2e7b2c986e
      X-Runtime:
      - '0.004085'
      Transfer-Encoding:
      - chunked
    body:
      encoding: UTF-8
      string: '{"data":{"id":"2","type":"yard","attributes":{"host_id":1,"name":"Ultimate
        Party Yard","street_address":"2001 Blake St","city":"Denver","state":"CO","zipcode":"80205","description":"This
        yard is equiped with a firepit, a pool, and a pool house to accommodate all
        your party needs.","availability":"Available on weekends in May","payment":"Venmo","photo_url_1":"https://i.pinimg.com/originals/33/68/61/33686194d9ec6fff887d4a77b33fab26.jpg","photo_url_2":"","photo_url_3":"","price":20.0,"purposes":{"data":[{"id":"1","type":"purpose","attributes":{"name":"pet
        rental"}},{"id":"2","type":"purpose","attributes":{"name":"party rental"}}]}}}}'
  recorded_at: Wed, 21 Apr 2021 21:50:21 GMT
- request:
    method: get
    uri: http://localhost:3001/api/v1/renters/1/bookings?status=pending
    body:
      encoding: US-ASCII
      string: ''
    headers:
      User-Agent:
      - Faraday v1.4.1
      Accept-Encoding:
      - gzip;q=1.0,deflate;q=0.6,identity;q=0.3
      Accept:
      - "*/*"
  response:
    status:
      code: 200
      message: OK
    headers:
      Content-Type:
      - application/json; charset=utf-8
      Etag:
      - W/"7069fef3ab6cfb8d3ce89e3fa7bde75f"
      Cache-Control:
      - max-age=0, private, must-revalidate
      X-Request-Id:
      - d7c5af87-bcbb-4f1a-8dbb-37380f95edea
      X-Runtime:
      - '0.004316'
      Transfer-Encoding:
      - chunked
    body:
      encoding: UTF-8
      string: '{"data":[{"id":"5","type":"booking","attributes":{"status":"pending","yard_id":4,"booking_name":"Spotlight
        Tag","renter_id":1,"date":"2021-05-05","time":"2000-01-01T21:00:00.000Z","duration":2,"description":"Wanting
        to have a 50 person game of spotlight tag."}},{"id":"8","type":"booking","attributes":{"status":"pending","yard_id":6,"booking_name":"Country
        Throw Down Part 2","renter_id":1,"date":"2021-04-25","time":"2000-01-01T20:00:00.000Z","duration":5,"description":"Trying
        to throw a rager with my friends again."}}]}'
  recorded_at: Wed, 21 Apr 2021 21:50:21 GMT
- request:
    method: get
    uri: http://localhost:3001/api/v1/yards/4
    body:
      encoding: US-ASCII
      string: ''
    headers:
      User-Agent:
      - Faraday v1.4.1
      Accept-Encoding:
      - gzip;q=1.0,deflate;q=0.6,identity;q=0.3
      Accept:
      - "*/*"
  response:
    status:
      code: 200
      message: OK
    headers:
      Content-Type:
      - application/json; charset=utf-8
      Etag:
      - W/"cf76b6174a6dbe0539567fbe293c81d6"
      Cache-Control:
      - max-age=0, private, must-revalidate
      X-Request-Id:
      - c29ef31c-e233-46e9-a956-09963ec8bb9d
      X-Runtime:
      - '0.004194'
      Transfer-Encoding:
      - chunked
    body:
      encoding: UTF-8
      string: '{"data":{"id":"4","type":"yard","attributes":{"host_id":2,"name":"Multipurpose
        Yard","street_address":"3181 E 23rd Ave","city":"Denver","state":"CO","zipcode":"80205","description":"Fenced
        in yard for privacy.","availability":"Available on Monday, Wednesday, Friday,
        and Saturdays","payment":"Paypal","photo_url_1":"","photo_url_2":"","photo_url_3":"","price":15.5,"purposes":{"data":[{"id":"2","type":"purpose","attributes":{"name":"party
        rental"}},{"id":"3","type":"purpose","attributes":{"name":"hobby rental"}}]}}}}'
  recorded_at: Wed, 21 Apr 2021 21:50:21 GMT
- request:
    method: get
    uri: http://localhost:3001/api/v1/yards/6
    body:
      encoding: US-ASCII
      string: ''
    headers:
      User-Agent:
      - Faraday v1.4.1
      Accept-Encoding:
      - gzip;q=1.0,deflate;q=0.6,identity;q=0.3
      Accept:
      - "*/*"
  response:
    status:
      code: 200
      message: OK
    headers:
      Content-Type:
      - application/json; charset=utf-8
      Etag:
      - W/"1db3e356438e596a009e09aacdd865d8"
      Cache-Control:
      - max-age=0, private, must-revalidate
      X-Request-Id:
      - 9c78b279-4ead-40e8-be08-ad0b7b3846fc
      X-Runtime:
      - '0.004729'
      Transfer-Encoding:
      - chunked
    body:
      encoding: UTF-8
      string: '{"data":{"id":"6","type":"yard","attributes":{"host_id":3,"name":"Country
        ","street_address":"10 Highway 64","city":"Conway","state":"AR","zipcode":"72034","description":"This
        yard is on a huge piece of land in the middle of nowhere so there are endless
        possiblities of events to host for our guests!","availability":"Weekends only","payment":"Venmo,
        Cashapp","photo_url_1":"https://image.shutterstock.com/image-photo/spacious-yard-home-garden-swing-260nw-1609425607.jpg","photo_url_2":"","photo_url_3":"","price":15.0,"purposes":{"data":[{"id":"1","type":"purpose","attributes":{"name":"pet
        rental"}},{"id":"2","type":"purpose","attributes":{"name":"party rental"}},{"id":"3","type":"purpose","attributes":{"name":"hobby
        rental"}}]}}}}'
  recorded_at: Wed, 21 Apr 2021 21:50:21 GMT
recorded_with: VCR 6.0.0
