---
http_interactions:
- request:
    method: get
    uri: http://localhost:3001/api/v1/renters/1/bookings?status=approved
    body:
      encoding: US-ASCII
      string: ''
    headers:
      User-Agent:
      - Faraday v1.4.1
      Accept-Encoding:
      - gzip;q=1.0,deflate;q=0.6,identity;q=0.3
      Accept:
      - "*/*"
  response:
    status:
      code: 200
      message: OK
    headers:
      Content-Type:
      - application/json; charset=utf-8
      Etag:
      - W/"a84f056ef48873a26b40a918f1dc3df2"
      Cache-Control:
      - max-age=0, private, must-revalidate
      X-Request-Id:
      - 04e82a9b-07a1-4146-83c4-544af2cc6cb6
      X-Runtime:
      - '0.003554'
      Transfer-Encoding:
      - chunked
    body:
      encoding: UTF-8
      string: '{"data":[{"id":"1","type":"booking","attributes":{"status":"approved","yard_id":2,"booking_name":"Pet
        Birthday Party","renter_id":1,"date":"2021-04-25","time":"2000-01-01T14:00:00.000Z","duration":3,"description":"Throwing
        a bday party for my pet."}},{"id":"9","type":"booking","attributes":{"status":"approved","yard_id":2,"booking_name":"A
        new booking!!","renter_id":1,"date":"2021-05-05","time":"2000-01-01T17:00:00.000Z","duration":2,"description":"description"}}]}'
  recorded_at: Wed, 21 Apr 2021 21:50:19 GMT
- request:
    method: get
    uri: http://localhost:3001/api/v1/yards/2
    body:
      encoding: US-ASCII
      string: ''
    headers:
      User-Agent:
      - Faraday v1.4.1
      Accept-Encoding:
      - gzip;q=1.0,deflate;q=0.6,identity;q=0.3
      Accept:
      - "*/*"
  response:
    status:
      code: 200
      message: OK
    headers:
      Content-Type:
      - application/json; charset=utf-8
      Etag:
      - W/"05899a4b6bd5366751e2b5fc0e2839d7"
      Cache-Control:
      - max-age=0, private, must-revalidate
      X-Request-Id:
      - 75f5a15b-dbf2-4b75-929e-60fbaef83455
      X-Runtime:
      - '0.004119'
      Transfer-Encoding:
      - chunked
    body:
      encoding: UTF-8
      string: '{"data":{"id":"2","type":"yard","attributes":{"host_id":1,"name":"Ultimate
        Party Yard","street_address":"2001 Blake St","city":"Denver","state":"CO","zipcode":"80205","description":"This
        yard is equiped with a firepit, a pool, and a pool house to accommodate all
        your party needs.","availability":"Available on weekends in May","payment":"Venmo","photo_url_1":"https://i.pinimg.com/originals/33/68/61/33686194d9ec6fff887d4a77b33fab26.jpg","photo_url_2":"","photo_url_3":"","price":20.0,"purposes":{"data":[{"id":"1","type":"purpose","attributes":{"name":"pet
        rental"}},{"id":"2","type":"purpose","attributes":{"name":"party rental"}}]}}}}'
  recorded_at: Wed, 21 Apr 2021 21:50:19 GMT
- request:
    method: get
    uri: http://localhost:3001/api/v1/yards/2
    body:
      encoding: US-ASCII
      string: ''
    headers:
      User-Agent:
      - Faraday v1.4.1
      Accept-Encoding:
      - gzip;q=1.0,deflate;q=0.6,identity;q=0.3
      Accept:
      - "*/*"
  response:
    status:
      code: 200
      message: OK
    headers:
      Content-Type:
      - application/json; charset=utf-8
      Etag:
      - W/"05899a4b6bd5366751e2b5fc0e2839d7"
      Cache-Control:
      - max-age=0, private, must-revalidate
      X-Request-Id:
      - 7d23d135-73d2-4343-af5a-ebb30d8af1a7
      X-Runtime:
      - '0.003938'
      Transfer-Encoding:
      - chunked
    body:
      encoding: UTF-8
      string: '{"data":{"id":"2","type":"yard","attributes":{"host_id":1,"name":"Ultimate
        Party Yard","street_address":"2001 Blake St","city":"Denver","state":"CO","zipcode":"80205","description":"This
        yard is equiped with a firepit, a pool, and a pool house to accommodate all
        your party needs.","availability":"Available on weekends in May","payment":"Venmo","photo_url_1":"https://i.pinimg.com/originals/33/68/61/33686194d9ec6fff887d4a77b33fab26.jpg","photo_url_2":"","photo_url_3":"","price":20.0,"purposes":{"data":[{"id":"1","type":"purpose","attributes":{"name":"pet
        rental"}},{"id":"2","type":"purpose","attributes":{"name":"party rental"}}]}}}}'
  recorded_at: Wed, 21 Apr 2021 21:50:19 GMT
- request:
    method: get
    uri: http://localhost:3001/api/v1/renters/1/bookings?status=pending
    body:
      encoding: US-ASCII
      string: ''
    headers:
      User-Agent:
      - Faraday v1.4.1
      Accept-Encoding:
      - gzip;q=1.0,deflate;q=0.6,identity;q=0.3
      Accept:
      - "*/*"
  response:
    status:
      code: 200
      message: OK
    headers:
      Content-Type:
      - application/json; charset=utf-8
      Etag:
      - W/"7069fef3ab6cfb8d3ce89e3fa7bde75f"
      Cache-Control:
      - max-age=0, private, must-revalidate
      X-Request-Id:
      - fcbb8fe2-2238-4a4e-ba39-6a5f79f28b77
      X-Runtime:
      - '0.003520'
      Transfer-Encoding:
      - chunked
    body:
      encoding: UTF-8
      string: '{"data":[{"id":"5","type":"booking","attributes":{"status":"pending","yard_id":4,"booking_name":"Spotlight
        Tag","renter_id":1,"date":"2021-05-05","time":"2000-01-01T21:00:00.000Z","duration":2,"description":"Wanting
        to have a 50 person game of spotlight tag."}},{"id":"8","type":"booking","attributes":{"status":"pending","yard_id":6,"booking_name":"Country
        Throw Down Part 2","renter_id":1,"date":"2021-04-25","time":"2000-01-01T20:00:00.000Z","duration":5,"description":"Trying
        to throw a rager with my friends again."}}]}'
  recorded_at: Wed, 21 Apr 2021 21:50:19 GMT
- request:
    method: get
    uri: http://localhost:3001/api/v1/yards/4
    body:
      encoding: US-ASCII
      string: ''
    headers:
      User-Agent:
      - Faraday v1.4.1
      Accept-Encoding:
      - gzip;q=1.0,deflate;q=0.6,identity;q=0.3
      Accept:
      - "*/*"
  response:
    status:
      code: 200
      message: OK
    headers:
      Content-Type:
      - application/json; charset=utf-8
      Etag:
      - W/"cf76b6174a6dbe0539567fbe293c81d6"
      Cache-Control:
      - max-age=0, private, must-revalidate
      X-Request-Id:
      - 112e5b44-0605-47e0-af82-a48852524d7b
      X-Runtime:
      - '0.004020'
      Transfer-Encoding:
      - chunked
    body:
      encoding: UTF-8
      string: '{"data":{"id":"4","type":"yard","attributes":{"host_id":2,"name":"Multipurpose
        Yard","street_address":"3181 E 23rd Ave","city":"Denver","state":"CO","zipcode":"80205","description":"Fenced
        in yard for privacy.","availability":"Available on Monday, Wednesday, Friday,
        and Saturdays","payment":"Paypal","photo_url_1":"","photo_url_2":"","photo_url_3":"","price":15.5,"purposes":{"data":[{"id":"2","type":"purpose","attributes":{"name":"party
        rental"}},{"id":"3","type":"purpose","attributes":{"name":"hobby rental"}}]}}}}'
  recorded_at: Wed, 21 Apr 2021 21:50:19 GMT
- request:
    method: get
    uri: http://localhost:3001/api/v1/yards/6
    body:
      encoding: US-ASCII
      string: ''
    headers:
      User-Agent:
      - Faraday v1.4.1
      Accept-Encoding:
      - gzip;q=1.0,deflate;q=0.6,identity;q=0.3
      Accept:
      - "*/*"
  response:
    status:
      code: 200
      message: OK
    headers:
      Content-Type:
      - application/json; charset=utf-8
      Etag:
      - W/"1db3e356438e596a009e09aacdd865d8"
      Cache-Control:
      - max-age=0, private, must-revalidate
      X-Request-Id:
      - e53224c5-d902-4cb7-991e-18a6f4d7073b
      X-Runtime:
      - '0.004138'
      Transfer-Encoding:
      - chunked
    body:
      encoding: UTF-8
      string: '{"data":{"id":"6","type":"yard","attributes":{"host_id":3,"name":"Country
        ","street_address":"10 Highway 64","city":"Conway","state":"AR","zipcode":"72034","description":"This
        yard is on a huge piece of land in the middle of nowhere so there are endless
        possiblities of events to host for our guests!","availability":"Weekends only","payment":"Venmo,
        Cashapp","photo_url_1":"https://image.shutterstock.com/image-photo/spacious-yard-home-garden-swing-260nw-1609425607.jpg","photo_url_2":"","photo_url_3":"","price":15.0,"purposes":{"data":[{"id":"1","type":"purpose","attributes":{"name":"pet
        rental"}},{"id":"2","type":"purpose","attributes":{"name":"party rental"}},{"id":"3","type":"purpose","attributes":{"name":"hobby
        rental"}}]}}}}'
  recorded_at: Wed, 21 Apr 2021 21:50:19 GMT
- request:
    method: get
    uri: http://localhost:3001/api/v1/purposes
    body:
      encoding: US-ASCII
      string: ''
    headers:
      User-Agent:
      - Faraday v1.4.1
      Accept-Encoding:
      - gzip;q=1.0,deflate;q=0.6,identity;q=0.3
      Accept:
      - "*/*"
  response:
    status:
      code: 200
      message: OK
    headers:
      Content-Type:
      - application/json; charset=utf-8
      Etag:
      - W/"070dbb270781e3a382e773147c03b939"
      Cache-Control:
      - max-age=0, private, must-revalidate
      X-Request-Id:
      - b7d0ecf6-538c-45bd-82dc-e8c269a59453
      X-Runtime:
      - '0.002803'
      Transfer-Encoding:
      - chunked
    body:
      encoding: UTF-8
      string: '{"data":[{"id":"1","type":"purpose","attributes":{"name":"pet rental"}},{"id":"2","type":"purpose","attributes":{"name":"party
        rental"}},{"id":"3","type":"purpose","attributes":{"name":"hobby rental"}}]}'
  recorded_at: Wed, 21 Apr 2021 21:50:19 GMT
recorded_with: VCR 6.0.0
