---
http_interactions:
- request:
    method: get
    uri: http://localhost:3001/api/v1/hosts/1/yards
    body:
      encoding: US-ASCII
      string: ''
    headers:
      User-Agent:
      - Faraday v1.4.1
      Accept-Encoding:
      - gzip;q=1.0,deflate;q=0.6,identity;q=0.3
      Accept:
      - "*/*"
  response:
    status:
      code: 200
      message: OK
    headers:
      Content-Type:
      - application/json; charset=utf-8
      Etag:
      - W/"ae757d46d679ae42ef1a08acded297ef"
      Cache-Control:
      - max-age=0, private, must-revalidate
      X-Request-Id:
      - 1d958f0a-32e0-420e-a079-b3bf911f9719
      X-Runtime:
      - '0.008838'
      Transfer-Encoding:
      - chunked
    body:
      encoding: UTF-8
      string: '{"data":[{"id":"3","type":"yard","attributes":{"host_id":1,"name":"Large
        Yard for any Hobby","street_address":"street_address","city":"city","state":"state","zipcode":"zipcode","description":"description","availability":"availability","payment":"cash
        cash cash","photo_url_1":"https://jalbum.net/.workspace/slides/shaun-montero-ZxDX8D9HHNM-unsplash.jpg","photo_url_2":"","photo_url_3":"","price":125.2,"purposes":{"data":[{"id":"3","type":"purpose","attributes":{"name":"hobby
        rental"}},{"id":"1","type":"purpose","attributes":{"name":"pet rental"}}]}}},{"id":"7","type":"yard","attributes":{"host_id":1,"name":"A
        new yard!!","street_address":"street_address","city":"city","state":"state","zipcode":"zipcode","description":"description","availability":"availability","payment":"payment","photo_url_1":"https://photo.com/path","photo_url_2":"","photo_url_3":"","price":25.2,"purposes":{"data":[{"id":"1","type":"purpose","attributes":{"name":"pet
        rental"}},{"id":"3","type":"purpose","attributes":{"name":"hobby rental"}}]}}},{"id":"2","type":"yard","attributes":{"host_id":1,"name":"Ultimate
        Party Yard","street_address":"2001 Blake St","city":"Denver","state":"CO","zipcode":"80205","description":"This
        yard is equiped with a firepit, a pool, and a pool house to accommodate all
        your party needs.","availability":"Available on weekends in May","payment":"Venmo","photo_url_1":"https://i.pinimg.com/originals/33/68/61/33686194d9ec6fff887d4a77b33fab26.jpg","photo_url_2":"","photo_url_3":"","price":20.0,"purposes":{"data":[{"id":"1","type":"purpose","attributes":{"name":"pet
        rental"}},{"id":"2","type":"purpose","attributes":{"name":"party rental"}}]}}}]}'
  recorded_at: Thu, 22 Apr 2021 03:11:06 GMT
- request:
    method: get
    uri: http://localhost:3001/api/v1/hosts/1/bookings
    body:
      encoding: US-ASCII
      string: ''
    headers:
      User-Agent:
      - Faraday v1.4.1
      Accept-Encoding:
      - gzip;q=1.0,deflate;q=0.6,identity;q=0.3
      Accept:
      - "*/*"
  response:
    status:
      code: 200
      message: OK
    headers:
      Content-Type:
      - application/json; charset=utf-8
      Etag:
      - W/"d2fdf61aa70f52897b09154dc1840132"
      Cache-Control:
      - max-age=0, private, must-revalidate
      X-Request-Id:
      - 29b1db7b-83b1-4cce-852b-d3cf56ad3008
      X-Runtime:
      - '0.006672'
      Transfer-Encoding:
      - chunked
    body:
      encoding: UTF-8
      string: '{"data":[{"id":"1","type":"booking","attributes":{"status":"approved","yard_id":2,"booking_name":"Pet
        Birthday Party","renter_id":1,"date":"2021-04-25","time":"2000-01-01T14:00:00.000Z","duration":3,"description":"Throwing
        a bday party for my pet."}},{"id":"4","type":"booking","attributes":{"status":"approved","yard_id":3,"booking_name":"Barbeque
        with Friends","renter_id":4,"date":"2021-04-25","time":"2000-01-01T18:00:00.000Z","duration":2,"description":"Wanting
        to grill out with my friends."}},{"id":"3","type":"booking","attributes":{"status":"pending","yard_id":2,"booking_name":"3
        Year Old Birthday Party","renter_id":3,"date":"2021-04-30","time":"2000-01-01T10:00:00.000Z","duration":4,"description":"Needs
        a space for my 3 year olds birthday party"}},{"id":"10","type":"booking","attributes":{"status":"approved","yard_id":2,"booking_name":"A
        new booking!!","renter_id":1,"date":"2021-05-05","time":"2000-01-01T17:00:00.000Z","duration":2,"description":"description"}},{"id":"11","type":"booking","attributes":{"status":"rejected","yard_id":2,"booking_name":"A
        new booking!!","renter_id":1,"date":"2021-05-05","time":"2000-01-01T17:00:00.000Z","duration":2,"description":"description"}},{"id":"14","type":"booking","attributes":{"status":"pending","yard_id":2,"booking_name":"A
        new booking!!","renter_id":1,"date":"2021-05-05","time":"2000-01-01T17:00:00.000Z","duration":2,"description":"description"}}]}'
  recorded_at: Thu, 22 Apr 2021 03:11:06 GMT
- request:
    method: get
    uri: http://localhost:3001/api/v1/yards/2
    body:
      encoding: US-ASCII
      string: ''
    headers:
      User-Agent:
      - Faraday v1.4.1
      Accept-Encoding:
      - gzip;q=1.0,deflate;q=0.6,identity;q=0.3
      Accept:
      - "*/*"
  response:
    status:
      code: 200
      message: OK
    headers:
      Content-Type:
      - application/json; charset=utf-8
      Etag:
      - W/"05899a4b6bd5366751e2b5fc0e2839d7"
      Cache-Control:
      - max-age=0, private, must-revalidate
      X-Request-Id:
      - 8dab7c9b-54fe-4823-a89d-dde0421e60aa
      X-Runtime:
      - '0.005513'
      Transfer-Encoding:
      - chunked
    body:
      encoding: UTF-8
      string: '{"data":{"id":"2","type":"yard","attributes":{"host_id":1,"name":"Ultimate
        Party Yard","street_address":"2001 Blake St","city":"Denver","state":"CO","zipcode":"80205","description":"This
        yard is equiped with a firepit, a pool, and a pool house to accommodate all
        your party needs.","availability":"Available on weekends in May","payment":"Venmo","photo_url_1":"https://i.pinimg.com/originals/33/68/61/33686194d9ec6fff887d4a77b33fab26.jpg","photo_url_2":"","photo_url_3":"","price":20.0,"purposes":{"data":[{"id":"1","type":"purpose","attributes":{"name":"pet
        rental"}},{"id":"2","type":"purpose","attributes":{"name":"party rental"}}]}}}}'
  recorded_at: Thu, 22 Apr 2021 03:11:06 GMT
- request:
    method: get
    uri: http://localhost:3001/api/v1/yards/3
    body:
      encoding: US-ASCII
      string: ''
    headers:
      User-Agent:
      - Faraday v1.4.1
      Accept-Encoding:
      - gzip;q=1.0,deflate;q=0.6,identity;q=0.3
      Accept:
      - "*/*"
  response:
    status:
      code: 200
      message: OK
    headers:
      Content-Type:
      - application/json; charset=utf-8
      Etag:
      - W/"92411119836edf3a719ae02133104dbb"
      Cache-Control:
      - max-age=0, private, must-revalidate
      X-Request-Id:
      - cdd49b75-da91-4d0c-af17-803961c184df
      X-Runtime:
      - '0.004925'
      Transfer-Encoding:
      - chunked
    body:
      encoding: UTF-8
      string: '{"data":{"id":"3","type":"yard","attributes":{"host_id":1,"name":"Large
        Yard for any Hobby","street_address":"street_address","city":"city","state":"state","zipcode":"zipcode","description":"description","availability":"availability","payment":"cash
        cash cash","photo_url_1":"https://jalbum.net/.workspace/slides/shaun-montero-ZxDX8D9HHNM-unsplash.jpg","photo_url_2":"","photo_url_3":"","price":125.2,"purposes":{"data":[{"id":"3","type":"purpose","attributes":{"name":"hobby
        rental"}},{"id":"1","type":"purpose","attributes":{"name":"pet rental"}}]}}}}'
  recorded_at: Thu, 22 Apr 2021 03:11:06 GMT
- request:
    method: get
    uri: http://localhost:3001/api/v1/yards/2
    body:
      encoding: US-ASCII
      string: ''
    headers:
      User-Agent:
      - Faraday v1.4.1
      Accept-Encoding:
      - gzip;q=1.0,deflate;q=0.6,identity;q=0.3
      Accept:
      - "*/*"
  response:
    status:
      code: 200
      message: OK
    headers:
      Content-Type:
      - application/json; charset=utf-8
      Etag:
      - W/"05899a4b6bd5366751e2b5fc0e2839d7"
      Cache-Control:
      - max-age=0, private, must-revalidate
      X-Request-Id:
      - 9d6225e0-a8fe-47b5-a5f0-339b55a17160
      X-Runtime:
      - '0.004852'
      Transfer-Encoding:
      - chunked
    body:
      encoding: UTF-8
      string: '{"data":{"id":"2","type":"yard","attributes":{"host_id":1,"name":"Ultimate
        Party Yard","street_address":"2001 Blake St","city":"Denver","state":"CO","zipcode":"80205","description":"This
        yard is equiped with a firepit, a pool, and a pool house to accommodate all
        your party needs.","availability":"Available on weekends in May","payment":"Venmo","photo_url_1":"https://i.pinimg.com/originals/33/68/61/33686194d9ec6fff887d4a77b33fab26.jpg","photo_url_2":"","photo_url_3":"","price":20.0,"purposes":{"data":[{"id":"1","type":"purpose","attributes":{"name":"pet
        rental"}},{"id":"2","type":"purpose","attributes":{"name":"party rental"}}]}}}}'
  recorded_at: Thu, 22 Apr 2021 03:11:06 GMT
- request:
    method: get
    uri: http://localhost:3001/api/v1/yards/2
    body:
      encoding: US-ASCII
      string: ''
    headers:
      User-Agent:
      - Faraday v1.4.1
      Accept-Encoding:
      - gzip;q=1.0,deflate;q=0.6,identity;q=0.3
      Accept:
      - "*/*"
  response:
    status:
      code: 200
      message: OK
    headers:
      Content-Type:
      - application/json; charset=utf-8
      Etag:
      - W/"05899a4b6bd5366751e2b5fc0e2839d7"
      Cache-Control:
      - max-age=0, private, must-revalidate
      X-Request-Id:
      - e6e4c58c-233c-45cd-bb48-9b0a62a6fd38
      X-Runtime:
      - '0.005468'
      Transfer-Encoding:
      - chunked
    body:
      encoding: UTF-8
      string: '{"data":{"id":"2","type":"yard","attributes":{"host_id":1,"name":"Ultimate
        Party Yard","street_address":"2001 Blake St","city":"Denver","state":"CO","zipcode":"80205","description":"This
        yard is equiped with a firepit, a pool, and a pool house to accommodate all
        your party needs.","availability":"Available on weekends in May","payment":"Venmo","photo_url_1":"https://i.pinimg.com/originals/33/68/61/33686194d9ec6fff887d4a77b33fab26.jpg","photo_url_2":"","photo_url_3":"","price":20.0,"purposes":{"data":[{"id":"1","type":"purpose","attributes":{"name":"pet
        rental"}},{"id":"2","type":"purpose","attributes":{"name":"party rental"}}]}}}}'
  recorded_at: Thu, 22 Apr 2021 03:11:06 GMT
- request:
    method: get
    uri: http://localhost:3001/api/v1/yards/2
    body:
      encoding: US-ASCII
      string: ''
    headers:
      User-Agent:
      - Faraday v1.4.1
      Accept-Encoding:
      - gzip;q=1.0,deflate;q=0.6,identity;q=0.3
      Accept:
      - "*/*"
  response:
    status:
      code: 200
      message: OK
    headers:
      Content-Type:
      - application/json; charset=utf-8
      Etag:
      - W/"05899a4b6bd5366751e2b5fc0e2839d7"
      Cache-Control:
      - max-age=0, private, must-revalidate
      X-Request-Id:
      - '059766cd-e975-46d2-91f7-7ba327ed785d'
      X-Runtime:
      - '0.004717'
      Transfer-Encoding:
      - chunked
    body:
      encoding: UTF-8
      string: '{"data":{"id":"2","type":"yard","attributes":{"host_id":1,"name":"Ultimate
        Party Yard","street_address":"2001 Blake St","city":"Denver","state":"CO","zipcode":"80205","description":"This
        yard is equiped with a firepit, a pool, and a pool house to accommodate all
        your party needs.","availability":"Available on weekends in May","payment":"Venmo","photo_url_1":"https://i.pinimg.com/originals/33/68/61/33686194d9ec6fff887d4a77b33fab26.jpg","photo_url_2":"","photo_url_3":"","price":20.0,"purposes":{"data":[{"id":"1","type":"purpose","attributes":{"name":"pet
        rental"}},{"id":"2","type":"purpose","attributes":{"name":"party rental"}}]}}}}'
  recorded_at: Thu, 22 Apr 2021 03:11:06 GMT
- request:
    method: get
    uri: http://localhost:3001/api/v1/yards/2
    body:
      encoding: US-ASCII
      string: ''
    headers:
      User-Agent:
      - Faraday v1.4.1
      Accept-Encoding:
      - gzip;q=1.0,deflate;q=0.6,identity;q=0.3
      Accept:
      - "*/*"
  response:
    status:
      code: 200
      message: OK
    headers:
      Content-Type:
      - application/json; charset=utf-8
      Etag:
      - W/"05899a4b6bd5366751e2b5fc0e2839d7"
      Cache-Control:
      - max-age=0, private, must-revalidate
      X-Request-Id:
      - a6fa956d-0668-4a89-8c2d-b2dc5f62abd8
      X-Runtime:
      - '0.004817'
      Transfer-Encoding:
      - chunked
    body:
      encoding: UTF-8
      string: '{"data":{"id":"2","type":"yard","attributes":{"host_id":1,"name":"Ultimate
        Party Yard","street_address":"2001 Blake St","city":"Denver","state":"CO","zipcode":"80205","description":"This
        yard is equiped with a firepit, a pool, and a pool house to accommodate all
        your party needs.","availability":"Available on weekends in May","payment":"Venmo","photo_url_1":"https://i.pinimg.com/originals/33/68/61/33686194d9ec6fff887d4a77b33fab26.jpg","photo_url_2":"","photo_url_3":"","price":20.0,"purposes":{"data":[{"id":"1","type":"purpose","attributes":{"name":"pet
        rental"}},{"id":"2","type":"purpose","attributes":{"name":"party rental"}}]}}}}'
  recorded_at: Thu, 22 Apr 2021 03:11:06 GMT
- request:
    method: get
    uri: http://localhost:3001/api/v1/yards/3
    body:
      encoding: US-ASCII
      string: ''
    headers:
      User-Agent:
      - Faraday v1.4.1
      Accept-Encoding:
      - gzip;q=1.0,deflate;q=0.6,identity;q=0.3
      Accept:
      - "*/*"
  response:
    status:
      code: 200
      message: OK
    headers:
      Content-Type:
      - application/json; charset=utf-8
      Etag:
      - W/"92411119836edf3a719ae02133104dbb"
      Cache-Control:
      - max-age=0, private, must-revalidate
      X-Request-Id:
      - 2b1c2857-c8fc-4a74-9662-77a475681fdb
      X-Runtime:
      - '0.005147'
      Transfer-Encoding:
      - chunked
    body:
      encoding: UTF-8
      string: '{"data":{"id":"3","type":"yard","attributes":{"host_id":1,"name":"Large
        Yard for any Hobby","street_address":"street_address","city":"city","state":"state","zipcode":"zipcode","description":"description","availability":"availability","payment":"cash
        cash cash","photo_url_1":"https://jalbum.net/.workspace/slides/shaun-montero-ZxDX8D9HHNM-unsplash.jpg","photo_url_2":"","photo_url_3":"","price":125.2,"purposes":{"data":[{"id":"3","type":"purpose","attributes":{"name":"hobby
        rental"}},{"id":"1","type":"purpose","attributes":{"name":"pet rental"}}]}}}}'
  recorded_at: Thu, 22 Apr 2021 03:11:06 GMT
recorded_with: VCR 6.0.0
