---
http_interactions:
- request:
    method: get
    uri: http://localhost:3001/api/v1/purposes
    body:
      encoding: US-ASCII
      string: ''
    headers:
      User-Agent:
      - Faraday v1.4.1
      Accept-Encoding:
      - gzip;q=1.0,deflate;q=0.6,identity;q=0.3
      Accept:
      - "*/*"
  response:
    status:
      code: 200
      message: OK
    headers:
      Content-Type:
      - application/json; charset=utf-8
      Etag:
      - W/"070dbb270781e3a382e773147c03b939"
      Cache-Control:
      - max-age=0, private, must-revalidate
      X-Request-Id:
      - 489637f6-0f93-4d47-97a6-85c840b07195
      X-Runtime:
      - '0.002836'
      Transfer-Encoding:
      - chunked
    body:
      encoding: UTF-8
      string: '{"data":[{"id":"1","type":"purpose","attributes":{"name":"pet rental"}},{"id":"2","type":"purpose","attributes":{"name":"party
        rental"}},{"id":"3","type":"purpose","attributes":{"name":"hobby rental"}}]}'
  recorded_at: Wed, 21 Apr 2021 21:50:22 GMT
- request:
    method: get
    uri: http://localhost:3001/api/v1/purposes
    body:
      encoding: US-ASCII
      string: ''
    headers:
      User-Agent:
      - Faraday v1.4.1
      Accept-Encoding:
      - gzip;q=1.0,deflate;q=0.6,identity;q=0.3
      Accept:
      - "*/*"
  response:
    status:
      code: 200
      message: OK
    headers:
      Content-Type:
      - application/json; charset=utf-8
      Etag:
      - W/"070dbb270781e3a382e773147c03b939"
      Cache-Control:
      - max-age=0, private, must-revalidate
      X-Request-Id:
      - 690bdf94-1296-4451-8756-3b489de32530
      X-Runtime:
      - '0.002800'
      Transfer-Encoding:
      - chunked
    body:
      encoding: UTF-8
      string: '{"data":[{"id":"1","type":"purpose","attributes":{"name":"pet rental"}},{"id":"2","type":"purpose","attributes":{"name":"party
        rental"}},{"id":"3","type":"purpose","attributes":{"name":"hobby rental"}}]}'
  recorded_at: Wed, 21 Apr 2021 21:50:22 GMT
- request:
    method: get
    uri: http://localhost:3001/api/v1/purposes
    body:
      encoding: US-ASCII
      string: ''
    headers:
      User-Agent:
      - Faraday v1.4.1
      Accept-Encoding:
      - gzip;q=1.0,deflate;q=0.6,identity;q=0.3
      Accept:
      - "*/*"
  response:
    status:
      code: 200
      message: OK
    headers:
      Content-Type:
      - application/json; charset=utf-8
      Etag:
      - W/"070dbb270781e3a382e773147c03b939"
      Cache-Control:
      - max-age=0, private, must-revalidate
      X-Request-Id:
      - 7531f8bf-e8ed-4b3e-b1da-8ce06fd9039b
      X-Runtime:
      - '0.003147'
      Transfer-Encoding:
      - chunked
    body:
      encoding: UTF-8
      string: '{"data":[{"id":"1","type":"purpose","attributes":{"name":"pet rental"}},{"id":"2","type":"purpose","attributes":{"name":"party
        rental"}},{"id":"3","type":"purpose","attributes":{"name":"hobby rental"}}]}'
  recorded_at: Wed, 21 Apr 2021 21:50:22 GMT
- request:
    method: get
    uri: http://localhost:3001/api/v1/yards/yard_search?location=8021902&purposes%5B%5D=pet%20rental
    body:
      encoding: US-ASCII
      string: ''
    headers:
      User-Agent:
      - Faraday v1.4.1
      Content-Type:
      - application/json
      Accept-Encoding:
      - gzip;q=1.0,deflate;q=0.6,identity;q=0.3
      Accept:
      - "*/*"
  response:
    status:
      code: 400
      message: Bad Request
    headers:
      Content-Type:
      - application/json; charset=utf-8
      Cache-Control:
      - no-cache
      X-Request-Id:
      - b6ef558c-b742-418c-9df6-b07d02f2c3d5
      X-Runtime:
      - '0.001610'
      Transfer-Encoding:
      - chunked
    body:
      encoding: UTF-8
      string: '{"message":"your request cannot be completed","error":"Invalid zipcode"}'
  recorded_at: Wed, 21 Apr 2021 21:50:22 GMT
recorded_with: VCR 6.0.0
