---
http_interactions:
- request:
    method: get
    uri: http://localhost:3001/api/v1/purposes
    body:
      encoding: US-ASCII
      string: ''
    headers:
      User-Agent:
      - Faraday v1.4.1
      Accept-Encoding:
      - gzip;q=1.0,deflate;q=0.6,identity;q=0.3
      Accept:
      - "*/*"
  response:
    status:
      code: 200
      message: OK
    headers:
      Content-Type:
      - application/json; charset=utf-8
      Etag:
      - W/"070dbb270781e3a382e773147c03b939"
      Cache-Control:
      - max-age=0, private, must-revalidate
      X-Request-Id:
      - 5690f4e2-c648-4446-ae78-c05f0c87941d
      X-Runtime:
      - '0.003635'
      Transfer-Encoding:
      - chunked
    body:
      encoding: UTF-8
      string: '{"data":[{"id":"1","type":"purpose","attributes":{"name":"pet rental"}},{"id":"2","type":"purpose","attributes":{"name":"party
        rental"}},{"id":"3","type":"purpose","attributes":{"name":"hobby rental"}}]}'
  recorded_at: Wed, 21 Apr 2021 21:50:22 GMT
- request:
    method: get
    uri: http://localhost:3001/api/v1/purposes
    body:
      encoding: US-ASCII
      string: ''
    headers:
      User-Agent:
      - Faraday v1.4.1
      Accept-Encoding:
      - gzip;q=1.0,deflate;q=0.6,identity;q=0.3
      Accept:
      - "*/*"
  response:
    status:
      code: 200
      message: OK
    headers:
      Content-Type:
      - application/json; charset=utf-8
      Etag:
      - W/"070dbb270781e3a382e773147c03b939"
      Cache-Control:
      - max-age=0, private, must-revalidate
      X-Request-Id:
      - 53d5db23-3482-40b4-b698-c00e25ff3393
      X-Runtime:
      - '0.003307'
      Transfer-Encoding:
      - chunked
    body:
      encoding: UTF-8
      string: '{"data":[{"id":"1","type":"purpose","attributes":{"name":"pet rental"}},{"id":"2","type":"purpose","attributes":{"name":"party
        rental"}},{"id":"3","type":"purpose","attributes":{"name":"hobby rental"}}]}'
  recorded_at: Wed, 21 Apr 2021 21:50:22 GMT
- request:
    method: get
    uri: http://localhost:3001/api/v1/purposes
    body:
      encoding: US-ASCII
      string: ''
    headers:
      User-Agent:
      - Faraday v1.4.1
      Accept-Encoding:
      - gzip;q=1.0,deflate;q=0.6,identity;q=0.3
      Accept:
      - "*/*"
  response:
    status:
      code: 200
      message: OK
    headers:
      Content-Type:
      - application/json; charset=utf-8
      Etag:
      - W/"070dbb270781e3a382e773147c03b939"
      Cache-Control:
      - max-age=0, private, must-revalidate
      X-Request-Id:
      - 8adb3bd7-7549-4502-8173-99d8534264bf
      X-Runtime:
      - '0.002844'
      Transfer-Encoding:
      - chunked
    body:
      encoding: UTF-8
      string: '{"data":[{"id":"1","type":"purpose","attributes":{"name":"pet rental"}},{"id":"2","type":"purpose","attributes":{"name":"party
        rental"}},{"id":"3","type":"purpose","attributes":{"name":"hobby rental"}}]}'
  recorded_at: Wed, 21 Apr 2021 21:50:22 GMT
- request:
    method: get
    uri: http://localhost:3001/api/v1/yards/yard_search?location=802&purposes%5B%5D=pet%20rental
    body:
      encoding: US-ASCII
      string: ''
    headers:
      User-Agent:
      - Faraday v1.4.1
      Content-Type:
      - application/json
      Accept-Encoding:
      - gzip;q=1.0,deflate;q=0.6,identity;q=0.3
      Accept:
      - "*/*"
  response:
    status:
      code: 400
      message: Bad Request
    headers:
      Content-Type:
      - application/json; charset=utf-8
      Cache-Control:
      - no-cache
      X-Request-Id:
      - 3f485390-22e2-4429-bd02-0d864496e04b
      X-Runtime:
      - '0.001598'
      Transfer-Encoding:
      - chunked
    body:
      encoding: UTF-8
      string: '{"message":"your request cannot be completed","error":"Invalid zipcode"}'
  recorded_at: Wed, 21 Apr 2021 21:50:22 GMT
recorded_with: VCR 6.0.0
