---
http_interactions:
- request:
    method: put
    uri: http://localhost:3001/api/v1/yards/3?availability=availability&city=city&description=description&email=thisemail@gmail.com&host_id=1&id=3&name=PaRtY%20HoUsE!!&payment=cash%20cash%20cash&photo_url_1=https://jalbum.net/.workspace/slides/shaun-montero-ZxDX8D9HHNM-unsplash.jpg&photo_url_2=&photo_url_3=&price=125.2&purposes%5B%5D=1&purposes%5B%5D=3&state=state&street_address=street_address&zipcode=zipcode
    body:
      encoding: UTF-8
      string: ''
    headers:
      User-Agent:
      - Faraday v1.4.1
      Content-Type:
      - application/json
      Content-Length:
      - '0'
      Accept-Encoding:
      - gzip;q=1.0,deflate;q=0.6,identity;q=0.3
      Accept:
      - "*/*"
  response:
    status:
      code: 200
      message: OK
    headers:
      Content-Type:
      - application/json; charset=utf-8
      Etag:
      - W/"ffd00a0765ca5db44fb2c7e48e03f29b"
      Cache-Control:
      - max-age=0, private, must-revalidate
      X-Request-Id:
      - fb421bd8-8167-43e2-9e00-79cd8beb310a
      X-Runtime:
      - '0.039208'
      Transfer-Encoding:
      - chunked
    body:
      encoding: UTF-8
      string: '{"data":{"id":"3","type":"yard","attributes":{"host_id":1,"name":"PaRtY
        HoUsE!!","street_address":"street_address","city":"city","state":"state","zipcode":"zipcode","description":"description","availability":"availability","payment":"cash
        cash cash","photo_url_1":"https://jalbum.net/.workspace/slides/shaun-montero-ZxDX8D9HHNM-unsplash.jpg","photo_url_2":"","photo_url_3":"","price":125.2,"purposes":{"data":[{"id":"1","type":"purpose","attributes":{"name":"pet
        rental"}},{"id":"3","type":"purpose","attributes":{"name":"hobby rental"}}]}}}}'
  recorded_at: Thu, 22 Apr 2021 02:34:17 GMT
- request:
    method: get
    uri: http://localhost:3001/api/v1/yards/3
    body:
      encoding: US-ASCII
      string: ''
    headers:
      User-Agent:
      - Faraday v1.4.1
      Accept-Encoding:
      - gzip;q=1.0,deflate;q=0.6,identity;q=0.3
      Accept:
      - "*/*"
  response:
    status:
      code: 200
      message: OK
    headers:
      Content-Type:
      - application/json; charset=utf-8
      Etag:
      - W/"ffd00a0765ca5db44fb2c7e48e03f29b"
      Cache-Control:
      - max-age=0, private, must-revalidate
      X-Request-Id:
      - 51f6859e-6acc-496e-9c02-11b6a91eba3d
      X-Runtime:
      - '0.007005'
      Transfer-Encoding:
      - chunked
    body:
      encoding: UTF-8
      string: '{"data":{"id":"3","type":"yard","attributes":{"host_id":1,"name":"PaRtY
        HoUsE!!","street_address":"street_address","city":"city","state":"state","zipcode":"zipcode","description":"description","availability":"availability","payment":"cash
        cash cash","photo_url_1":"https://jalbum.net/.workspace/slides/shaun-montero-ZxDX8D9HHNM-unsplash.jpg","photo_url_2":"","photo_url_3":"","price":125.2,"purposes":{"data":[{"id":"1","type":"purpose","attributes":{"name":"pet
        rental"}},{"id":"3","type":"purpose","attributes":{"name":"hobby rental"}}]}}}}'
  recorded_at: Thu, 22 Apr 2021 02:34:17 GMT
- request:
    method: put
    uri: http://localhost:3001/api/v1/yards/3?availability=availability&city=city&description=description&email=thisemail@gmail.com&host_id=1&id=3&name=Large%20Yard%20for%20any%20Hobby&payment=cash%20cash%20cash&photo_url_1=https://jalbum.net/.workspace/slides/shaun-montero-ZxDX8D9HHNM-unsplash.jpg&photo_url_2=&photo_url_3=&price=125.2&purposes%5B%5D=1&purposes%5B%5D=3&state=state&street_address=street_address&zipcode=zipcode
    body:
      encoding: UTF-8
      string: ''
    headers:
      User-Agent:
      - Faraday v1.4.1
      Content-Type:
      - application/json
      Content-Length:
      - '0'
      Accept-Encoding:
      - gzip;q=1.0,deflate;q=0.6,identity;q=0.3
      Accept:
      - "*/*"
  response:
    status:
      code: 200
      message: OK
    headers:
      Content-Type:
      - application/json; charset=utf-8
      Etag:
      - W/"7281c7a421c9692de2db4832b71c5710"
      Cache-Control:
      - max-age=0, private, must-revalidate
      X-Request-Id:
      - 40fc4c3b-24b8-4e2f-8a97-57d8edbea056
      X-Runtime:
      - '0.025327'
      Transfer-Encoding:
      - chunked
    body:
      encoding: UTF-8
      string: '{"data":{"id":"3","type":"yard","attributes":{"host_id":1,"name":"Large
        Yard for any Hobby","street_address":"street_address","city":"city","state":"state","zipcode":"zipcode","description":"description","availability":"availability","payment":"cash
        cash cash","photo_url_1":"https://jalbum.net/.workspace/slides/shaun-montero-ZxDX8D9HHNM-unsplash.jpg","photo_url_2":"","photo_url_3":"","price":125.2,"purposes":{"data":[{"id":"1","type":"purpose","attributes":{"name":"pet
        rental"}},{"id":"3","type":"purpose","attributes":{"name":"hobby rental"}}]}}}}'
  recorded_at: Thu, 22 Apr 2021 02:34:17 GMT
- request:
    method: get
    uri: http://localhost:3001/api/v1/yards/3
    body:
      encoding: US-ASCII
      string: ''
    headers:
      User-Agent:
      - Faraday v1.4.1
      Accept-Encoding:
      - gzip;q=1.0,deflate;q=0.6,identity;q=0.3
      Accept:
      - "*/*"
  response:
    status:
      code: 200
      message: OK
    headers:
      Content-Type:
      - application/json; charset=utf-8
      Etag:
      - W/"7281c7a421c9692de2db4832b71c5710"
      Cache-Control:
      - max-age=0, private, must-revalidate
      X-Request-Id:
      - 8db8a256-d914-4687-a9da-ca29a6f1ef99
      X-Runtime:
      - '0.005724'
      Transfer-Encoding:
      - chunked
    body:
      encoding: UTF-8
      string: '{"data":{"id":"3","type":"yard","attributes":{"host_id":1,"name":"Large
        Yard for any Hobby","street_address":"street_address","city":"city","state":"state","zipcode":"zipcode","description":"description","availability":"availability","payment":"cash
        cash cash","photo_url_1":"https://jalbum.net/.workspace/slides/shaun-montero-ZxDX8D9HHNM-unsplash.jpg","photo_url_2":"","photo_url_3":"","price":125.2,"purposes":{"data":[{"id":"1","type":"purpose","attributes":{"name":"pet
        rental"}},{"id":"3","type":"purpose","attributes":{"name":"hobby rental"}}]}}}}'
  recorded_at: Thu, 22 Apr 2021 02:34:17 GMT
recorded_with: VCR 6.0.0
